// Jest Snapshot v1, https://goo.gl/fbAQLP

exports[`LocaleComponent should match snapshot 1`] = `"<button mat-icon-button="" aria-label="change locale" class="mat-mdc-menu-trigger mdc-icon-button mat-mdc-icon-button mat-unthemed mat-mdc-button-base" mat-ripple-loader-uninitialized="" mat-ripple-loader-class-name="mat-mdc-button-ripple" mat-ripple-loader-centered="" ng-reflect-menu="[object Object]" aria-haspopup="menu" aria-expanded="false"><span class="mat-mdc-button-persistent-ripple mdc-icon-button__ripple"></span><mat-icon role="img" aria-hidden="true" class="mat-icon notranslate material-icons mat-ligature-font mat-icon-no-color" data-mat-icon-type="font">language</mat-icon><span class="mat-focus-indicator"></span><span class="mat-mdc-button-touch-target"></span></button><!--container--><mat-menu><!--container--></mat-menu>"`;
