// Jest Snapshot v1, https://goo.gl/fbAQLP

exports[`SideMenuComponent should match snapshot 1`] = `"<a routerlink="/" routerlinkactive="active" matripple="" class="mat-ripple" ng-reflect-router-link="/" ng-reflect-router-link-active="active" href="/"><mat-icon role="img" aria-hidden="true" class="mat-icon notranslate material-icons mat-ligature-font mat-icon-no-color" data-mat-icon-type="font">home</mat-icon><span>Home</span></a><a routerlink="/dashboard" routerlinkactive="active" matripple="" class="mat-ripple" ng-reflect-router-link="/dashboard" ng-reflect-router-link-active="active" href="/dashboard"><mat-icon role="img" aria-hidden="true" class="mat-icon notranslate material-icons mat-ligature-font mat-icon-no-color" data-mat-icon-type="font">dashboard</mat-icon><span>Dashboard</span></a>"`;
